// Jest Snapshot v1, https://goo.gl/fbAQLP

exports[`FormBox.vue renders correctly 1`] = `"<form class=\\"form-box\\"><span class=\\"form-box__title\\"><i class=\\"fas fa-poll\\"></i> </span> <div class=\\"form-box__inputs\\"></div> <div class=\\"form-box__buttons\\"></div> <div class=\\"form-box__message\\"></div></form>"`;
